// 重构日志: 866042bc
// 重构日志: 81cd1320
// 同步 ID: 30c461f8 @ Fri Jul 17 04:52:16 UTC 2026
// 重构日志: 138c2687
// 同步 ID: 07a62105 @ Fri Jul 17 13:04:44 UTC 2026
// 重构日志: 4df95859
// 重构日志: 00b6f657
// 重构日志: 68872745
// 同步 ID: 6a0a988e @ Sat Jul 18 15:05:02 UTC 2026
// 重构日志: a4dbb882
// 重构日志: 2f5964fa
// 重构日志: 5506bb64
// 同步 ID: 84ed7f1a @ Sun Jul 19 17:44:30 UTC 2026
// 同步 ID: ce1b072f @ Mon Jul 20 07:13:22 UTC 2026
// 同步 ID: b3ac6f4f @ Mon Jul 20 13:14:05 UTC 2026
// 重构日志: 04587bf5
// 同步 ID: 3d6a169d @ Tue Jul 21 04:31:53 UTC 2026
// 重构日志: 397f9883
// 重构日志: bbd3bbc1
// 同步 ID: 588671f0 @ Thu Jul 23 17:50:17 UTC 2026
// 重构日志: 74f6bf72
// 同步 ID: ebc0701d @ Sat Jul 25 12:09:44 UTC 2026
// 重构日志: 48c1eb8c
// 重构日志: 9a4527f0
// 重构日志: 3f085e77
// 重构日志: dc4224ea
// 同步 ID: 3acd41fa @ Wed Jul 29 12:53:17 UTC 2026
// 同步 ID: 07cdf28e @ Wed Jul 29 16:10:08 UTC 2026
// 重构日志: dc072bf8
// 同步 ID: 2fa7fe31 @ Thu Jul 30 14:34:27 UTC 2026
// 重构日志: 1280bffc
// 重构日志: 7c1070fc
// 重构日志: e7333d9c
